Process Worker-3:
Process Worker-2:
Traceback (most recent call last):
Traceback (most recent call last):
  File "/usr/lib/python3.10/multiprocessing/process.py", line 314, in _bootstrap
    self.run()
  File "/usr/lib/python3.10/multiprocessing/process.py", line 314, in _bootstrap
    self.run()
  File "/usr/lib/python3.10/multiprocessing/process.py", line 108, in run
    self._target(*self._args, **self._kwargs)
  File "/usr/lib/python3.10/multiprocessing/process.py", line 108, in run
    self._target(*self._args, **self._kwargs)
  File "<stdin>", line 54, in worker_loop
  File "<stdin>", line 54, in worker_loop
  File "/usr/local/lib/python3.10/dist-packages/psycopg2/__init__.py", line 122, in connect
    conn = _connect(dsn, connection_factory=connection_factory, **kwasync)
  File "/usr/local/lib/python3.10/dist-packages/psycopg2/__init__.py", line 122, in connect
    conn = _connect(dsn, connection_factory=connection_factory, **kwasync)
psycopg2.OperationalError: could not translate host name "ep-rapid-base-ai27r1sa-pooler.c-4.us-east-1.aws.neon.tech" to address: Temporary failure in name resolution

psycopg2.OperationalError: could not translate host name "ep-rapid-base-ai27r1sa-pooler.c-4.us-east-1.aws.neon.tech" to address: Temporary failure in name resolution

Process Worker-1:
Traceback (most recent call last):
  File "/usr/lib/python3.10/multiprocessing/process.py", line 314, in _bootstrap
    self.run()
  File "/usr/lib/python3.10/multiprocessing/process.py", line 108, in run
    self._target(*self._args, **self._kwargs)
  File "<stdin>", line 54, in worker_loop
  File "/usr/local/lib/python3.10/dist-packages/psycopg2/__init__.py", line 122, in connect
    conn = _connect(dsn, connection_factory=connection_factory, **kwasync)
psycopg2.OperationalError: could not translate host name "ep-rapid-base-ai27r1sa-pooler.c-4.us-east-1.aws.neon.tech" to address: Temporary failure in name resolution

